[I 2026-06-10 19:28:50.033 ServerApp] Extension package jupyterlab_jupytext took 0.3025s to import
[I 2026-06-10 19:28:50.038 ServerApp] jupyter_lsp | extension was successfully linked.
[I 2026-06-10 19:28:50.045 ServerApp] jupyter_server_terminals | extension was successfully linked.
[W 2026-06-10 19:28:50.047 LabApp] 'token' has moved from NotebookApp to ServerApp. This config will be passed to ServerApp. Be sure to update your config before our next release.
[W 2026-06-10 19:28:50.049 LabApp] 'password' has moved from NotebookApp to ServerApp. This config will be passed to ServerApp. Be sure to update your config before our next release.
[W 2026-06-10 19:28:50.053 ServerApp] ServerApp.token config is deprecated in 2.0. Use IdentityProvider.token.
[I 2026-06-10 19:28:50.055 ServerApp] jupyterlab | extension was successfully linked.
[I 2026-06-10 19:28:50.055 ServerApp] jupyterlab_jupytext | extension was successfully linked.
[I 2026-06-10 19:28:50.065 ServerApp] notebook | extension was successfully linked.
[I 2026-06-10 19:28:51.163 ServerApp] notebook_shim | extension was successfully linked.
[W 2026-06-10 19:28:51.304 ServerApp] All authentication is disabled.  Anyone who can connect to this server will be able to run code.
[I 2026-06-10 19:28:51.306 ServerApp] notebook_shim | extension was successfully loaded.
[I 2026-06-10 19:28:51.310 ServerApp] jupyter_lsp | extension was successfully loaded.
[I 2026-06-10 19:28:51.312 ServerApp] jupyter_server_terminals | extension was successfully loaded.
[I 2026-06-10 19:28:51.320 LabApp] JupyterLab extension loaded from C:\Users\marti\miniconda3\envs\odysseus\Lib\site-packages\jupyterlab
[I 2026-06-10 19:28:51.320 LabApp] JupyterLab application directory is C:\Users\marti\miniconda3\envs\odysseus\share\jupyter\lab
[I 2026-06-10 19:28:51.322 LabApp] Extension Manager is 'pypi'.
[I 2026-06-10 19:28:51.515 ServerApp] jupyterlab | extension was successfully loaded.
[I 2026-06-10 19:28:51.517 ServerApp] [Jupytext Server Extension] Deriving an AsyncTextFileContentsManager from AsyncLargeFileManager
[I 2026-06-10 19:28:51.520 ServerApp] jupyterlab_jupytext | extension was successfully loaded.
[I 2026-06-10 19:28:51.531 ServerApp] notebook | extension was successfully loaded.
[I 2026-06-10 19:28:51.533 ServerApp] Serving notebooks from local directory: C:\Users\marti\Documents\GitHub\odysseus
[I 2026-06-10 19:28:51.533 ServerApp] Jupyter Server 2.18.2 is running at:
[I 2026-06-10 19:28:51.535 ServerApp] http://localhost:8888/tree
[I 2026-06-10 19:28:51.536 ServerApp]     http://127.0.0.1:8888/tree
[I 2026-06-10 19:28:51.536 ServerApp] Use Control-C to stop this server and shut down all kernels (twice to skip confirmation).
[I 2026-06-10 19:28:53.502 ServerApp] Skipped non-installed server(s): basedpyright, bash-language-server, dockerfile-language-server-nodejs, javascript-typescript-langserver, jedi-language-server, julia-language-server, pyrefly, pyright, python-language-server, python-lsp-server, r-languageserver, sql-language-server, texlab, typescript-language-server, unified-language-server, vscode-css-languageserver-bin, vscode-html-languageserver-bin, vscode-json-languageserver-bin, yaml-language-server
[W 2026-06-10 19:29:44.984 ServerApp] Notebook notebooks/02_feature_extraction.ipynb is not trusted
[W 2026-06-10 19:29:47.497 ServerApp] Notebook notebooks/02_feature_extraction.ipynb is not trusted
[I 2026-06-10 19:29:47.976 ServerApp] Kernel started: ca35ab6a-6a5a-4a50-8337-b6972d6279a3
[I 2026-06-10 19:29:50.813 ServerApp] Adapting from protocol version 5.3 (kernel ca35ab6a-6a5a-4a50-8337-b6972d6279a3) to 5.4 (client).
[I 2026-06-10 19:29:50.815 ServerApp] Adapting from protocol version 5.3 (kernel ca35ab6a-6a5a-4a50-8337-b6972d6279a3) to 5.4 (client).
[I 2026-06-10 19:29:50.817 ServerApp] Connecting to kernel ca35ab6a-6a5a-4a50-8337-b6972d6279a3.
[I 2026-06-10 19:29:50.834 ServerApp] Connecting to kernel ca35ab6a-6a5a-4a50-8337-b6972d6279a3.
[W 2026-06-10 19:29:50.851 ServerApp] The websocket_ping_timeout (90000) cannot be longer than the websocket_ping_interval (30000).
    Setting websocket_ping_timeout=30000
[I 2026-06-10 19:29:50.870 ServerApp] Adapting from protocol version 5.3 (kernel ca35ab6a-6a5a-4a50-8337-b6972d6279a3) to 5.4 (client).
[I 2026-06-10 19:29:50.874 ServerApp] Connecting to kernel ca35ab6a-6a5a-4a50-8337-b6972d6279a3.
[W 2026-06-10 19:29:50.910 ServerApp] Got events for closed stream <zmq.eventloop.zmqstream.ZMQStream object at 0x000001C1DCF6AC90>
[I 2026-06-10 19:29:51.618 ServerApp] Adapting from protocol version 5.3 (kernel ca35ab6a-6a5a-4a50-8337-b6972d6279a3) to 5.4 (client).
[I 2026-06-10 19:29:51.623 ServerApp] Connecting to kernel ca35ab6a-6a5a-4a50-8337-b6972d6279a3.
[I 2026-06-10 19:30:41.723 ServerApp] Kernel restarted: ca35ab6a-6a5a-4a50-8337-b6972d6279a3
[I 2026-06-10 19:30:41.742 ServerApp] Starting buffering for ca35ab6a-6a5a-4a50-8337-b6972d6279a3:c2fb679a-d351-4a22-bcd0-4623cc07d027
[I 2026-06-10 19:30:41.752 ServerApp] Adapting from protocol version 5.3 (kernel ca35ab6a-6a5a-4a50-8337-b6972d6279a3) to 5.4 (client).
[I 2026-06-10 19:30:41.757 ServerApp] Connecting to kernel ca35ab6a-6a5a-4a50-8337-b6972d6279a3.
[I 2026-06-10 19:30:41.758 ServerApp] Restoring connection for ca35ab6a-6a5a-4a50-8337-b6972d6279a3:c2fb679a-d351-4a22-bcd0-4623cc07d027
[I 2026-06-10 19:31:08.387 ServerApp] Kernel interrupted: ca35ab6a-6a5a-4a50-8337-b6972d6279a3
Traceback (most recent call last):
  File "<string>", line 1, in <module>
  File "C:\Users\marti\miniconda3\envs\odysseus\Lib\multiprocessing\spawn.py", line 122, in spawn_main
    exitcode = _main(fd, parent_sentinel)
               ^^^^^^^^^^^^^^^^^^^^^^^^^^
  File "C:\Users\marti\miniconda3\envs\odysseus\Lib\multiprocessing\spawn.py", line 132, in _main
    self = reduction.pickle.load(from_parent)
           ^^^^^^^^^^^^^^^^^^^^^^^^^^^^^^^^^^
EOFError: Ran out of input
[I 2026-06-10 19:31:47.641 ServerApp] Saving file at /notebooks/02_feature_extraction.ipynb
[I 2026-06-10 19:31:47.650 ServerApp] Saving 02_feature_extraction.ipynb
[I 2026-06-10 20:16:15.939 ServerApp] Starting buffering for ca35ab6a-6a5a-4a50-8337-b6972d6279a3:c2fb679a-d351-4a22-bcd0-4623cc07d027
[I 2026-06-10 21:43:23.716 ServerApp] AsyncIOLoopKernelRestarter: restarting kernel (1/5), keep random ports
